
> elite-oms@0.1.0 build
> next build --webpack

Γû▓ Next.js 16.1.6 (webpack)
- Environments: .env.local

  Creating an optimized production build ...
Γ£ô (serwist) Bundling the service worker script with the URL '/sw.js' and the scope '/'...
node.exe : Failed to compile.
At line:1 char:1
+ & "C:\Program Files\nodejs/node.exe" "C:\Program 
Files\nodejs/node_mo ...
+ ~~~~~~~~~~~~~~~~~~~~~~~~~~~~~~~~~~~~~~~~~~~~~~~~~~~
~~~~~~~~~~~~~~~~~~
    + CategoryInfo          : NotSpecified: (Failed  
   to compile.:String) [], RemoteException
    + FullyQualifiedErrorId : NativeCommandError
 

./app/finance/page.tsx
Error:   x `ssr: false` is not allowed with 
`next/dynamic` in Server Components. Please move it 
into a Client Component.
   ,-[F:\Freelance\Elite Order Management - 
Antigravity\app\finance\page.tsx:6:1]
 3 | import JournalTable from 
"@/components/finance/JournalTable";
 4 | import { getLedgerEntries } from 
"@/lib/finance";
 5 | 
 6 | const CashFlowChart = dynamic(() => 
import('@/components/finance/CashFlowChart'), { ssr: 
false });
   :                       ^^^^^^^^^^^^^^^^^^^^^^^^^^
^^^^^^^^^^^^^^^^^^^^^^^^^^^^^^^^^^^^^^^^^^^^^^^^^
 7 | const InventoryValuationChart = dynamic(() => im
port('@/components/finance/InventoryValuationChart'),
 { ssr: false });
 8 | import { getLedgerEntries } from 
"@/lib/finance";
 8 | 
   `----
  x `ssr: false` is not allowed with `next/dynamic` 
in Server Components. Please move it into a Client 
Component.
   ,-[F:\Freelance\Elite Order Management - 
Antigravity\app\finance\page.tsx:7:1]
 4 | import { getLedgerEntries } from 
"@/lib/finance";
 5 | 
 6 | const CashFlowChart = dynamic(() => 
import('@/components/finance/CashFlowChart'), { ssr: 
false });
 7 | const InventoryValuationChart = dynamic(() => im
port('@/components/finance/InventoryValuationChart'),
 { ssr: false });
   :                                 ^^^^^^^^^^^^^^^^
^^^^^^^^^^^^^^^^^^^^^^^^^^^^^^^^^^^^^^^^^^^^^^^^^^^^^
^^^^^^^^^^^^^^^^
 8 | import { getLedgerEntries } from 
"@/lib/finance";
 9 | 
 9 | // Simulated historical data for demo purposes 
since we don't have historical snapshot architecture 
built
   `----

Import trace for requested module:
./app/finance/page.tsx


> Build failed because of webpack errors
